[dotenv@17.3.1] injecting env (7) from .env -- tip: ≡ƒ¢í∩╕Å auth for agents: https://vestauth.com
node : node:internal/modules/
cjs/loader:1143
At line:1 char:1
+ node server.js > error.log 
2>&1
+ ~~~~~~~~~~~~~~~~~~~~~~~~~~~
~~~~
    + CategoryInfo           
   : NotSpecified: (node:in  
  ternal/modules/cjs/loade   
 r:1143:String) [], Remot    
eException
    + FullyQualifiedErrorId  
   : NativeCommandError
 
  throw err;
  ^

Error: Cannot find module 
'../models/Product'
Require stack:
- C:\Users\DELL\OneDrive\Desk
top\Project\agri-assist-team4
6\backend\src\controllers\sho
pController.js
- C:\Users\DELL\OneDrive\Desk
top\Project\agri-assist-team4
6\backend\src\routes\shopRout
es.js
- C:\Users\DELL\OneDrive\Desk
top\Project\agri-assist-team4
6\backend\src\app.js
- C:\Users\DELL\OneDrive\Desk
top\Project\agri-assist-team4
6\backend\server.js
    at 
Module._resolveFilename (node
:internal/modules/cjs/loader:
1140:15)
    at Module._load (node:int
ernal/modules/cjs/loader:981:
27)
    at Module.require (node:i
nternal/modules/cjs/loader:12
31:19)
    at require (node:internal
/modules/helpers:177:18)
    at Object.<anonymous> (C:
\Users\DELL\OneDrive\Desktop\
Project\agri-assist-team46\ba
ckend\src\controllers\shopCon
troller.js:3:17)
    at Module._compile (node:
internal/modules/cjs/loader:1
364:14)
    at 
Module._extensions..js (node:
internal/modules/cjs/loader:1
422:10)
    at Module.load (node:inte
rnal/modules/cjs/loader:1203:
32)
    at Module._load (node:int
ernal/modules/cjs/loader:1019
:12)
    at Module.require (node:i
nternal/modules/cjs/loader:12
31:19) {
  code: 'MODULE_NOT_FOUND',
  requireStack: [
    'C:\\Users\\DELL\\OneDriv
e\\Desktop\\Project\\agri-ass
ist-team46\\backend\\src\\con
trollers\\shopController.js',
    'C:\\Users\\DELL\\OneDriv
e\\Desktop\\Project\\agri-ass
ist-team46\\backend\\src\\rou
tes\\shopRoutes.js',
    'C:\\Users\\DELL\\OneDriv
e\\Desktop\\Project\\agri-ass
ist-team46\\backend\\src\\app
.js',
    'C:\\Users\\DELL\\OneDriv
e\\Desktop\\Project\\agri-ass
ist-team46\\backend\\server.j
s'
  ]
}

Node.js v18.20.8
